2026/07/24 16:29:22 serving rpc on tcp://38337
2026/07/24 16:29:22 serving http on http://127.0.0.1:56743
2026/07/24 16:29:23 skipped 38 seeds
2026/07/24 16:29:38 machine check:
transitively disabled the following syscalls (missing resource [creating syscalls]):
close$binfmt                                : fd_binfmt [openat$binfmt]
close$fd_v4l2_buffer                        : fd_v4l2_buffer [ioctl$VIDIOC_QUERYBUF_DMABUF]
close$ibv_device                            : fd_rdma [openat$uverbs0]
close$kvmvm_protected                       : fd_kvmvm_protected [ioctl$KVM_CREATE_VM_PROTECTED syz_kvm_setup_protected_vm$arm64]

BinFmtMisc              : write(/proc/sys/fs/binfmt_misc/register) failed
Comparisons             : call 0 failed with errno 998
Coverage                : enabled
DelayKcovMmap           : enabled
DevlinkPCI              : PCI device 0000:00:10.0 is not available
ExtraCoverage           : enabled
Fault                   : CONFIG_FAULT_INJECTION is not enabled
KCSAN                   : write(/sys/kernel/debug/kcsan, on) failed
KcovResetIoctl          : kernel does not support ioctl(KCOV_RESET_TRACE)
LRWPANEmulation         : netlink_query_family_id failed
Leak                    : failed to write(kmemleak, "scan=off")
MemoryDump              : disabled by user
NetDevices              : enabled
NetInjection            : enabled
NicVF                   : PCI device 0000:00:11.0 is not available
SandboxAndroid          : setcon: could not write entire context. wrote=-1, expected=30 (errno 22: Invalid argument). . process exited with status 67.
SandboxNamespace        : enabled
SandboxNone             : enabled
SandboxSetuid           : enabled
Swap                    : enabled
USBEmulation            : failed to chmod /dev/raw-gadget
VhciInjection           : open /dev/vhci failed.  (errno 2: No such file or directory).
WifiEmulation           : netlink_query_family_id failed.  (errno 2: No such file or directory).
syscalls                : 3/8065

2026/07/24 16:29:38 corpus                  : 89 (65 seeds), 0 to be reminimized, 1 to be resmashed
2026/07/24 16:29:42 candidates=1 corpus=0 coverage=0 exec total=108 (308/min) pending=0 reproducing=0 
2026/07/24 16:29:52 candidates=1 corpus=0 coverage=0 exec total=109 (210/min) pending=0 reproducing=0 
2026/07/24 16:30:02 candidates=1 corpus=0 coverage=0 exec total=111 (162/min) pending=0 reproducing=0 
2026/07/24 16:30:12 candidates=1 corpus=0 coverage=0 exec total=112 (131/min) pending=0 reproducing=0 
2026/07/24 16:30:22 candidates=0 corpus=0 coverage=0 exec total=114 (112/min) pending=0 reproducing=0 
2026/07/24 16:30:32 candidates=0 corpus=0 coverage=0 exec total=115 (97/min) pending=0 reproducing=0 
2026/07/24 16:30:42 candidates=0 corpus=0 coverage=0 exec total=116 (85/min) pending=0 reproducing=0 
2026/07/24 16:30:52 candidates=0 corpus=0 coverage=0 exec total=117 (77/min) pending=0 reproducing=0 
2026/07/24 16:31:02 candidates=0 corpus=0 coverage=0 exec total=118 (70/min) pending=0 reproducing=0 
2026/07/24 16:31:12 candidates=0 corpus=0 coverage=0 exec total=119 (64/min) pending=0 reproducing=0 
2026/07/24 16:31:22 candidates=0 corpus=0 coverage=0 exec total=121 (60/min) pending=0 reproducing=0 
