2026/07/27 14:15:35 serving rpc on tcp://46219
2026/07/27 14:15:35 serving http on http://127.0.0.1:56744
2026/07/27 14:15:36 skipped 38 seeds
2026/07/27 14:15:52 machine check:
transitively disabled the following syscalls (missing resource [creating syscalls]):
close$binfmt                                : fd_binfmt [openat$binfmt]
close$fd_v4l2_buffer                        : fd_v4l2_buffer [ioctl$VIDIOC_QUERYBUF_DMABUF]
close$ibv_device                            : fd_rdma [openat$uverbs0]
close$kvmvm_protected                       : fd_kvmvm_protected [ioctl$KVM_CREATE_VM_PROTECTED syz_kvm_setup_protected_vm$arm64]

BinFmtMisc              : enabled
Comparisons             : call 0 failed with errno 998
Coverage                : enabled
DelayKcovMmap           : enabled
DevlinkPCI              : PCI device 0000:00:10.0 is not available
ExtraCoverage           : enabled
Fault                   : CONFIG_FAULT_INJECTION is not enabled
KCSAN                   : write(/sys/kernel/debug/kcsan, on) failed
KcovResetIoctl          : kernel does not support ioctl(KCOV_RESET_TRACE)
LRWPANEmulation         : netlink_query_family_id failed
Leak                    : failed to write(kmemleak, "scan=off")
MemoryDump              : disabled by user
NetDevices              : enabled
NetInjection            : enabled
NicVF                   : PCI device 0000:00:11.0 is not available
SandboxAndroid          : setcon: could not write entire context. wrote=-1, expected=30 (errno 22: Invalid argument). . process exited with status 67.
SandboxNamespace        : enabled
SandboxNone             : enabled
SandboxSetuid           : enabled
Swap                    : enabled
USBEmulation            : failed to chmod /dev/raw-gadget
VhciInjection           : open /dev/vhci failed.  (errno 2: No such file or directory).
WifiEmulation           : netlink_query_family_id failed.  (errno 2: No such file or directory).
syscalls                : 3/8065

2026/07/27 14:15:52 corpus                  : 65 (65 seeds), 0 to be reminimized, 0 to be resmashed
2026/07/27 14:15:55 candidates=0 corpus=0 coverage=0 exec total=83 (237/min) pending=0 reproducing=0 
2026/07/27 14:16:05 candidates=0 corpus=0 coverage=0 exec total=305 (590/min) pending=0 reproducing=0 
2026/07/27 14:16:15 candidates=0 corpus=0 coverage=0 exec total=535 (13/sec) pending=0 reproducing=0 
2026/07/27 14:16:25 candidates=0 corpus=0 coverage=0 exec total=762 (14/sec) pending=0 reproducing=0 
2026/07/27 14:16:35 candidates=0 corpus=0 coverage=0 exec total=984 (16/sec) pending=0 reproducing=0 
2026/07/27 14:16:45 candidates=0 corpus=8 coverage=6530 exec total=1155 (16/sec) pending=0 reproducing=0 
2026/07/27 14:16:47 starting bug reproductions (max 1 VMs, 1 repros)
2026/07/27 14:16:55 candidates=0 corpus=10 coverage=6538 exec total=1239 (15/sec) pending=0 reproducing=0 
2026/07/27 14:17:05 candidates=0 corpus=14 coverage=6687 exec total=1361 (14/sec) pending=0 reproducing=0 
2026/07/27 14:17:15 candidates=0 corpus=19 coverage=6737 exec total=1496 (14/sec) pending=0 reproducing=0 
2026/07/27 14:17:25 candidates=0 corpus=30 coverage=6745 exec total=1630 (14/sec) pending=0 reproducing=0 
2026/07/27 14:17:35 candidates=0 corpus=31 coverage=6745 exec total=1772 (14/sec) pending=0 reproducing=0 
2026/07/27 14:17:45 candidates=0 corpus=34 coverage=6749 exec total=1882 (14/sec) pending=0 reproducing=0 
2026/07/27 14:17:55 candidates=0 corpus=31 coverage=6750 exec total=1993 (14/sec) pending=0 reproducing=0 
2026/07/27 14:18:05 candidates=0 corpus=31 coverage=6750 exec total=2092 (13/sec) pending=0 reproducing=0 
2026/07/27 14:18:15 candidates=0 corpus=33 coverage=6753 exec total=2199 (13/sec) pending=0 reproducing=0 
2026/07/27 14:18:25 candidates=0 corpus=34 coverage=6753 exec total=2317 (13/sec) pending=0 reproducing=0 
2026/07/27 14:18:35 candidates=0 corpus=35 coverage=6755 exec total=2391 (13/sec) pending=0 reproducing=0 
2026/07/27 14:18:45 candidates=0 corpus=36 coverage=6755 exec total=2482 (12/sec) pending=0 reproducing=0 
2026/07/27 14:18:55 candidates=0 corpus=33 coverage=6755 exec total=2582 (12/sec) pending=0 reproducing=0 
2026/07/27 14:19:05 candidates=0 corpus=33 coverage=6755 exec total=2666 (12/sec) pending=0 reproducing=0 
2026/07/27 14:19:15 candidates=0 corpus=35 coverage=6755 exec total=2766 (12/sec) pending=0 reproducing=0 
2026/07/27 14:19:25 candidates=0 corpus=36 coverage=6755 exec total=2861 (12/sec) pending=0 reproducing=0 
2026/07/27 14:19:35 candidates=0 corpus=36 coverage=6755 exec total=2950 (12/sec) pending=0 reproducing=0 
2026/07/27 14:19:45 candidates=0 corpus=36 coverage=6755 exec total=3010 (11/sec) pending=0 reproducing=0 
2026/07/27 14:19:55 candidates=0 corpus=34 coverage=6755 exec total=3097 (11/sec) pending=0 reproducing=0 
2026/07/27 14:20:05 candidates=0 corpus=34 coverage=6755 exec total=3179 (11/sec) pending=0 reproducing=0 
2026/07/27 14:20:15 candidates=0 corpus=34 coverage=6755 exec total=3265 (11/sec) pending=0 reproducing=0 
2026/07/27 14:20:25 candidates=0 corpus=34 coverage=6755 exec total=3343 (11/sec) pending=0 reproducing=0 
2026/07/27 14:20:35 candidates=0 corpus=34 coverage=6755 exec total=3438 (11/sec) pending=0 reproducing=0 
2026/07/27 14:20:45 candidates=0 corpus=36 coverage=6762 exec total=3623 (11/sec) pending=0 reproducing=0 
2026/07/27 14:20:55 candidates=0 corpus=33 coverage=6762 exec total=3855 (12/sec) pending=0 reproducing=0 
2026/07/27 14:21:05 candidates=0 corpus=33 coverage=6762 exec total=4143 (12/sec) pending=0 reproducing=0 
2026/07/27 14:21:15 candidates=0 corpus=33 coverage=6762 exec total=4376 (12/sec) pending=0 reproducing=0 
2026/07/27 14:21:25 candidates=0 corpus=33 coverage=6762 exec total=4706 (13/sec) pending=0 reproducing=0 
2026/07/27 14:21:35 candidates=0 corpus=33 coverage=6762 exec total=4988 (13/sec) pending=0 reproducing=0 
2026/07/27 14:21:45 candidates=0 corpus=33 coverage=6762 exec total=5321 (14/sec) pending=0 reproducing=0 
2026/07/27 14:21:55 candidates=0 corpus=34 coverage=6763 exec total=5623 (14/sec) pending=0 reproducing=0 
2026/07/27 14:22:05 candidates=0 corpus=34 coverage=6763 exec total=5948 (15/sec) pending=0 reproducing=0 
2026/07/27 14:22:15 candidates=0 corpus=34 coverage=6763 exec total=6176 (15/sec) pending=0 reproducing=0 
2026/07/27 14:22:25 candidates=0 corpus=34 coverage=6763 exec total=6479 (15/sec) pending=0 reproducing=0 
2026/07/27 14:22:35 candidates=0 corpus=34 coverage=6763 exec total=6713 (15/sec) pending=0 reproducing=0 
2026/07/27 14:22:45 candidates=0 corpus=34 coverage=6763 exec total=7033 (16/sec) pending=0 reproducing=0 
2026/07/27 14:22:55 candidates=0 corpus=34 coverage=6763 exec total=7248 (16/sec) pending=0 reproducing=0 
2026/07/27 14:23:05 candidates=0 corpus=34 coverage=6763 exec total=7560 (16/sec) pending=0 reproducing=0 
2026/07/27 14:23:15 candidates=0 corpus=34 coverage=6763 exec total=7785 (16/sec) pending=0 reproducing=0 
2026/07/27 14:23:25 candidates=0 corpus=35 coverage=6766 exec total=8130 (17/sec) pending=0 reproducing=0 
2026/07/27 14:23:35 candidates=0 corpus=35 coverage=6766 exec total=8378 (17/sec) pending=0 reproducing=0 
2026/07/27 14:23:45 candidates=0 corpus=35 coverage=6766 exec total=8625 (17/sec) pending=0 reproducing=0 
2026/07/27 14:23:55 candidates=0 corpus=35 coverage=6766 exec total=8962 (17/sec) pending=0 reproducing=0 
2026/07/27 14:24:05 candidates=0 corpus=35 coverage=6766 exec total=9197 (17/sec) pending=0 reproducing=0 
2026/07/27 14:24:15 candidates=0 corpus=35 coverage=6766 exec total=9486 (18/sec) pending=0 reproducing=0 
2026/07/27 14:24:25 candidates=0 corpus=35 coverage=6766 exec total=9687 (18/sec) pending=0 reproducing=0 
2026/07/27 14:24:35 candidates=0 corpus=35 coverage=6766 exec total=9970 (18/sec) pending=0 reproducing=0 
2026/07/27 14:24:45 candidates=0 corpus=35 coverage=6766 exec total=10178 (18/sec) pending=0 reproducing=0 
2026/07/27 14:24:55 candidates=0 corpus=35 coverage=6766 exec total=10502 (18/sec) pending=0 reproducing=0 
2026/07/27 14:25:05 candidates=0 corpus=35 coverage=6766 exec total=10778 (18/sec) pending=0 reproducing=0 
2026/07/27 14:25:15 candidates=0 corpus=35 coverage=6766 exec total=11052 (19/sec) pending=0 reproducing=0 
2026/07/27 14:25:25 candidates=0 corpus=35 coverage=6766 exec total=11361 (19/sec) pending=0 reproducing=0 
SIGINT: shutting down...
2026/07/27 14:25:34 VM 0: running for 9m46.020358942s, restarting
