2026/07/21 17:31:38 serving rpc on tcp://35309
2026/07/21 17:31:38 serving http on http://127.0.0.1:56742
2026/07/21 17:31:39 skipped 38 seeds
2026/07/21 17:31:54 machine check:
transitively disabled the following syscalls (missing resource [creating syscalls]):
close$binfmt                                : fd_binfmt [openat$binfmt]
close$fd_v4l2_buffer                        : fd_v4l2_buffer [ioctl$VIDIOC_QUERYBUF_DMABUF]
close$ibv_device                            : fd_rdma [openat$uverbs0]

BinFmtMisc              : write(/proc/sys/fs/binfmt_misc/register) failed
Comparisons             : call 0 failed with errno 998
Coverage                : enabled
DelayKcovMmap           : enabled
DevlinkPCI              : PCI device 0000:00:10.0 is not available
ExtraCoverage           : enabled
Fault                   : CONFIG_FAULT_INJECTION is not enabled
KCSAN                   : write(/sys/kernel/debug/kcsan, on) failed
KcovResetIoctl          : kernel does not support ioctl(KCOV_RESET_TRACE)
LRWPANEmulation         : netlink_query_family_id failed
Leak                    : failed to write(kmemleak, "scan=off")
MemoryDump              : disabled by user
NetDevices              : enabled
NetInjection            : enabled
NicVF                   : PCI device 0000:00:11.0 is not available
SandboxAndroid          : setcon: could not write entire context. wrote=-1, expected=30 (errno 22: Invalid argument). . process exited with status 67.
SandboxNamespace        : enabled
SandboxNone             : enabled
SandboxSetuid           : enabled
Swap                    : enabled
USBEmulation            : failed to chmod /dev/raw-gadget
VhciInjection           : open /dev/vhci failed.  (errno 2: No such file or directory).
WifiEmulation           : netlink_query_family_id failed.  (errno 2: No such file or directory).
syscalls                : 10/8060

2026/07/21 17:31:54 corpus                  : 60 (60 seeds), 0 to be reminimized, 0 to be resmashed
2026/07/21 17:31:58 candidates=0 corpus=0 coverage=0 exec total=116 (331/min) pending=0 reproducing=0 
2026/07/21 17:32:08 candidates=0 corpus=0 coverage=0 exec total=549 (17/sec) pending=0 reproducing=0 
2026/07/21 17:32:18 candidates=0 corpus=0 coverage=0 exec total=964 (23/sec) pending=0 reproducing=0 
2026/07/21 17:32:26 starting bug reproductions (max 1 VMs, 1 repros)
2026/07/21 17:32:28 candidates=0 corpus=18 coverage=5893 exec total=1208 (23/sec) pending=0 reproducing=0 
2026/07/21 17:32:38 candidates=0 corpus=26 coverage=6008 exec total=1471 (24/sec) pending=0 reproducing=0 
2026/07/21 17:32:48 candidates=0 corpus=27 coverage=6008 exec total=1696 (23/sec) pending=0 reproducing=0 
2026/07/21 17:32:58 candidates=0 corpus=22 coverage=6008 exec total=1869 (23/sec) pending=0 reproducing=0 
2026/07/21 17:33:08 candidates=0 corpus=28 coverage=6087 exec total=2153 (23/sec) pending=0 reproducing=0 
2026/07/21 17:33:18 candidates=0 corpus=30 coverage=6101 exec total=2406 (23/sec) pending=0 reproducing=0 
2026/07/21 17:33:28 candidates=0 corpus=50 coverage=6405 exec total=2838 (25/sec) pending=0 reproducing=0 
2026/07/21 17:33:38 candidates=0 corpus=55 coverage=6412 exec total=3060 (25/sec) pending=0 reproducing=0 
2026/07/21 17:33:48 candidates=0 corpus=63 coverage=6417 exec total=3267 (24/sec) pending=0 reproducing=0 
2026/07/21 17:33:58 candidates=0 corpus=65 coverage=6423 exec total=3531 (25/sec) pending=0 reproducing=0 
2026/07/21 17:34:08 candidates=0 corpus=66 coverage=6425 exec total=3688 (24/sec) pending=0 reproducing=0 
2026/07/21 17:34:18 candidates=0 corpus=68 coverage=6435 exec total=3891 (24/sec) pending=0 reproducing=0 
2026/07/21 17:34:28 candidates=0 corpus=75 coverage=6465 exec total=4157 (24/sec) pending=0 reproducing=0 
2026/07/21 17:34:33 initializing coverage information...
2026/07/21 17:34:38 candidates=0 corpus=78 coverage=6465 exec total=4284 (23/sec) pending=0 reproducing=0 
2026/07/21 17:34:48 candidates=0 corpus=78 coverage=6465 exec total=4392 (22/sec) pending=0 reproducing=0 
2026/07/21 17:34:58 candidates=0 corpus=72 coverage=6465 exec total=4498 (22/sec) pending=0 reproducing=0 
2026/07/21 17:35:08 candidates=0 corpus=72 coverage=6465 exec total=4616 (21/sec) pending=0 reproducing=0 
2026/07/21 17:35:18 candidates=0 corpus=72 coverage=6465 exec total=4721 (21/sec) pending=0 reproducing=0 
2026/07/21 17:35:28 candidates=0 corpus=72 coverage=6465 exec total=4806 (20/sec) pending=0 reproducing=0 
2026/07/21 17:35:38 candidates=0 corpus=72 coverage=6465 exec total=4918 (20/sec) pending=0 reproducing=0 
2026/07/21 17:35:48 candidates=0 corpus=72 coverage=6465 exec total=5023 (20/sec) pending=0 reproducing=0 
2026/07/21 17:35:58 candidates=0 corpus=72 coverage=6465 exec total=5142 (19/sec) pending=0 reproducing=0 
2026/07/21 17:36:08 candidates=0 corpus=72 coverage=6465 exec total=5257 (19/sec) pending=0 reproducing=0 
SIGINT: shutting down...
2026/07/21 17:36:15 VM 0: running for 4m24.095018309s, restarting
