2026/07/22 09:30:49 serving rpc on tcp://46061
2026/07/22 09:30:49 serving http on http://127.0.0.1:56742
2026/07/22 09:30:50 skipped 38 seeds
2026/07/22 09:31:05 machine check:
transitively disabled the following syscalls (missing resource [creating syscalls]):
close$binfmt                                : fd_binfmt [openat$binfmt]
close$fd_v4l2_buffer                        : fd_v4l2_buffer [ioctl$VIDIOC_QUERYBUF_DMABUF]
close$ibv_device                            : fd_rdma [openat$uverbs0]

BinFmtMisc              : write(/proc/sys/fs/binfmt_misc/register) failed
Comparisons             : call 0 failed with errno 998
Coverage                : enabled
DelayKcovMmap           : enabled
DevlinkPCI              : PCI device 0000:00:10.0 is not available
ExtraCoverage           : enabled
Fault                   : CONFIG_FAULT_INJECTION is not enabled
KCSAN                   : write(/sys/kernel/debug/kcsan, on) failed
KcovResetIoctl          : kernel does not support ioctl(KCOV_RESET_TRACE)
LRWPANEmulation         : netlink_query_family_id failed
Leak                    : failed to write(kmemleak, "scan=off")
MemoryDump              : disabled by user
NetDevices              : enabled
NetInjection            : enabled
NicVF                   : PCI device 0000:00:11.0 is not available
SandboxAndroid          : setcon: could not write entire context. wrote=-1, expected=30 (errno 22: Invalid argument). . process exited with status 67.
SandboxNamespace        : enabled
SandboxNone             : enabled
SandboxSetuid           : enabled
Swap                    : enabled
USBEmulation            : failed to chmod /dev/raw-gadget
VhciInjection           : open /dev/vhci failed.  (errno 2: No such file or directory).
WifiEmulation           : netlink_query_family_id failed.  (errno 2: No such file or directory).
syscalls                : 13/8063

2026/07/22 09:31:05 corpus                  : 63 (63 seeds), 0 to be reminimized, 0 to be resmashed
2026/07/22 09:31:09 candidates=0 corpus=0 coverage=0 exec total=102 (291/min) pending=0 reproducing=0 
2026/07/22 09:31:19 candidates=0 corpus=0 coverage=0 exec total=470 (15/sec) pending=0 reproducing=0 
2026/07/22 09:31:29 candidates=0 corpus=0 coverage=0 exec total=833 (20/sec) pending=0 reproducing=0 
2026/07/22 09:31:38 starting bug reproductions (max 1 VMs, 1 repros)
2026/07/22 09:31:39 candidates=0 corpus=18 coverage=5830 exec total=1164 (22/sec) pending=0 reproducing=0 
2026/07/22 09:31:49 candidates=0 corpus=26 coverage=5865 exec total=1372 (22/sec) pending=0 reproducing=0 
2026/07/22 09:31:59 candidates=0 corpus=28 coverage=5880 exec total=1588 (22/sec) pending=0 reproducing=0 
2026/07/22 09:32:09 candidates=0 corpus=28 coverage=5932 exec total=1785 (22/sec) pending=0 reproducing=0 
2026/07/22 09:32:19 candidates=0 corpus=33 coverage=6081 exec total=2036 (22/sec) pending=0 reproducing=0 
2026/07/22 09:32:29 candidates=0 corpus=46 coverage=6122 exec total=2357 (23/sec) pending=0 reproducing=0 
2026/07/22 09:32:39 candidates=0 corpus=54 coverage=6133 exec total=2614 (23/sec) pending=0 reproducing=0 
2026/07/22 09:32:49 candidates=0 corpus=61 coverage=6146 exec total=2857 (23/sec) pending=0 reproducing=0 
2026/07/22 09:32:59 candidates=0 corpus=66 coverage=6404 exec total=3059 (23/sec) pending=0 reproducing=0 
2026/07/22 09:33:09 candidates=0 corpus=62 coverage=6405 exec total=3254 (23/sec) pending=0 reproducing=0 
2026/07/22 09:33:19 candidates=0 corpus=64 coverage=6414 exec total=3460 (22/sec) pending=0 reproducing=0 
2026/07/22 09:33:29 candidates=0 corpus=65 coverage=6414 exec total=3564 (22/sec) pending=0 reproducing=0 
2026/07/22 09:33:39 candidates=0 corpus=65 coverage=6414 exec total=3696 (21/sec) pending=0 reproducing=0 
2026/07/22 09:33:49 candidates=0 corpus=66 coverage=6415 exec total=3822 (21/sec) pending=0 reproducing=0 
2026/07/22 09:33:50 initializing coverage information...
2026/07/22 09:33:59 candidates=0 corpus=70 coverage=6421 exec total=4116 (21/sec) pending=0 reproducing=0 
2026/07/22 09:34:09 candidates=0 corpus=69 coverage=6421 exec total=4242 (21/sec) pending=0 reproducing=0 
2026/07/22 09:34:19 candidates=0 corpus=70 coverage=6421 exec total=4419 (20/sec) pending=0 reproducing=0 
SIGINT: shutting down...
2026/07/22 09:34:19 VM 0: running for 3m17.661705344s, restarting
