2026/07/21 15:34:13 serving rpc on tcp://34619
2026/07/21 15:34:13 serving http on http://127.0.0.1:56741
2026/07/21 15:34:14 skipped 38 seeds
2026/07/21 15:34:29 machine check:
transitively disabled the following syscalls (missing resource [creating syscalls]):
close$binfmt                                : fd_binfmt [openat$binfmt]
close$fd_v4l2_buffer                        : fd_v4l2_buffer [ioctl$VIDIOC_QUERYBUF_DMABUF]
close$ibv_device                            : fd_rdma [openat$uverbs0]

BinFmtMisc              : write(/proc/sys/fs/binfmt_misc/register) failed
Comparisons             : call 0 failed with errno 998
Coverage                : enabled
DelayKcovMmap           : enabled
DevlinkPCI              : PCI device 0000:00:10.0 is not available
ExtraCoverage           : enabled
Fault                   : CONFIG_FAULT_INJECTION is not enabled
KCSAN                   : write(/sys/kernel/debug/kcsan, on) failed
KcovResetIoctl          : kernel does not support ioctl(KCOV_RESET_TRACE)
LRWPANEmulation         : netlink_query_family_id failed
Leak                    : failed to write(kmemleak, "scan=off")
MemoryDump              : disabled by user
NetDevices              : enabled
NetInjection            : enabled
NicVF                   : PCI device 0000:00:11.0 is not available
SandboxAndroid          : setcon: could not write entire context. wrote=-1, expected=30 (errno 22: Invalid argument). . process exited with status 67.
SandboxNamespace        : enabled
SandboxNone             : enabled
SandboxSetuid           : enabled
Swap                    : enabled
USBEmulation            : failed to chmod /dev/raw-gadget
VhciInjection           : open /dev/vhci failed.  (errno 2: No such file or directory).
WifiEmulation           : netlink_query_family_id failed.  (errno 2: No such file or directory).
syscalls                : 12/8061

2026/07/21 15:34:30 corpus                  : 151 (58 seeds), 1 to be reminimized, 1 to be resmashed
2026/07/21 15:34:33 candidates=75 corpus=0 coverage=0 exec total=96 (274/min) pending=0 reproducing=0 
2026/07/21 15:34:43 candidates=0 corpus=0 coverage=0 exec total=635 (20/sec) pending=0 reproducing=0 
2026/07/21 15:34:53 candidates=0 corpus=29 coverage=3370 exec total=1207 (29/sec) pending=0 reproducing=0 
2026/07/21 15:35:03 candidates=0 corpus=87 coverage=6230 exec total=1664 (32/sec) pending=0 reproducing=0 
2026/07/21 15:35:05 starting bug reproductions (max 1 VMs, 1 repros)
2026/07/21 15:35:13 candidates=0 corpus=97 coverage=6266 exec total=2075 (34/sec) pending=0 reproducing=0 
2026/07/21 15:35:23 candidates=0 corpus=104 coverage=6281 exec total=2463 (34/sec) pending=0 reproducing=0 
2026/07/21 15:35:33 candidates=0 corpus=105 coverage=6289 exec total=2879 (35/sec) pending=0 reproducing=0 
2026/07/21 15:35:43 candidates=0 corpus=107 coverage=6344 exec total=3133 (34/sec) pending=0 reproducing=0 
2026/07/21 15:35:53 candidates=0 corpus=108 coverage=6345 exec total=3446 (34/sec) pending=0 reproducing=0 
2026/07/21 15:36:03 candidates=0 corpus=110 coverage=6345 exec total=3772 (33/sec) pending=0 reproducing=0 
2026/07/21 15:36:13 candidates=0 corpus=110 coverage=6345 exec total=4138 (34/sec) pending=0 reproducing=0 
2026/07/21 15:36:23 candidates=0 corpus=110 coverage=6345 exec total=4558 (34/sec) pending=0 reproducing=0 
2026/07/21 15:36:33 candidates=0 corpus=107 coverage=6345 exec total=4914 (34/sec) pending=0 reproducing=0 
2026/07/21 15:36:43 candidates=0 corpus=107 coverage=6345 exec total=5338 (35/sec) pending=0 reproducing=0 
2026/07/21 15:36:53 candidates=0 corpus=110 coverage=6589 exec total=5703 (35/sec) pending=0 reproducing=0 
2026/07/21 15:37:03 candidates=0 corpus=111 coverage=6592 exec total=6061 (35/sec) pending=0 reproducing=0 
2026/07/21 15:37:13 candidates=0 corpus=111 coverage=6592 exec total=6483 (35/sec) pending=0 reproducing=0 
2026/07/21 15:37:23 candidates=0 corpus=112 coverage=6592 exec total=6826 (35/sec) pending=0 reproducing=0 
2026/07/21 15:37:33 candidates=0 corpus=108 coverage=6592 exec total=7168 (35/sec) pending=0 reproducing=0 
2026/07/21 15:37:43 candidates=0 corpus=108 coverage=6592 exec total=7637 (36/sec) pending=0 reproducing=0 
2026/07/21 15:37:53 candidates=0 corpus=109 coverage=6593 exec total=7998 (36/sec) pending=0 reproducing=0 
2026/07/21 15:38:03 candidates=0 corpus=109 coverage=6593 exec total=8338 (36/sec) pending=0 reproducing=0 
2026/07/21 15:38:13 candidates=0 corpus=109 coverage=6593 exec total=8760 (36/sec) pending=0 reproducing=0 
2026/07/21 15:38:23 candidates=0 corpus=109 coverage=6593 exec total=9108 (36/sec) pending=0 reproducing=0 
2026/07/21 15:38:28 initializing coverage information...
